Whether you're just starting with Linux or looking to enhance your command-line skills, this comprehensive guide covers essential commands from beginner to professional level. Master these commands to boost your productivity and become proficient in Linux system administration.

â•â•â•â•â•â•â•â•â•â•â•â•â•â•â•â•â•â•â•â•â•â•â•â•â•â•â•â•â•â•â•â•â•â•â•

1. BASIC NAVIGATION & FILE OPERATIONS

â•â•â•â•â•â•â•â•â•â•â•â•â•â•â•â•â•â•â•â•â•â•â•â•â•â•â•â•â•â•â•â•â•â•â•

These fundamental commands form the foundation of Linux command-line interaction.

ğŸ“ pwd - Print Working Directory

Displays your current location in the filesystem.

Syntax:

pwd

Example:

$ pwd

/home/username/documents

â”â”â”â”â”â”â”â”â”â”â”â”â”â”â”â”â”â”â”â”â”â”â”â”â”â”â”â”â”â”

ğŸ“‚ ls - List Directory Contents

Shows files and directories in the current or specified location.

Syntax:

ls [options] [directory]

Common Options:

-l  : Long format with details

-a  : Show all files including hidden

-h  : Human-readable file sizes

-t  : Sort by modification time

-r  : Reverse order

-R  : Recursive listing

Examples:

$ ls

Documents  Downloads  Pictures  Videos

$ ls -lah

total 32K

drwxr-xr-x  5 user user 4.0K Jan 27 10:30 .

drwxr-xr-x 20 user user 4.0K Jan 26 14:22 ..

-rw-r--r--  1 user user  220 Jan 25 09:15 .bashrc

drwxr-xr-x  2 user user 4.0K Jan 27 10:30 Documents

âœ… Beginner Tip: Use 'ls -lah' as your default for detailed, readable output!

â”â”â”â”â”â”â”â”â”â”â”â”â”â”â”â”â”â”â”â”â”â”â”â”â”â”â”â”â”â”

ğŸ“‹ cd - Change Directory

Navigate between directories in the filesystem.

Syntax:

cd [directory]

Special Shortcuts:

cd ~       : Go to home directory

cd ..      : Go to parent directory

cd -       : Go to previous directory

cd /       : Go to root directory

cd         : Go to home (no argument needed)

Examples:

$ cd /var/log

$ pwd

/var/log

$ cd ..

$ pwd

/var

â”â”â”â”â”â”â”â”â”â”â”â”â”â”â”â”â”â”â”â”â”â”â”â”â”â”â”â”â”â”

ğŸ“„ touch - Create Files

Creates empty files or updates file timestamps.

Syntax:

touch [filename]

Examples:

$ touch newfile.txt

$ touch file1.txt file2.txt file3.txt

$ touch report_{1..5}.txt

(Creates: report_1.txt, report_2.txt, ... report_5.txt)

â”â”â”â”â”â”â”â”â”â”â”â”â”â”â”â”â”â”â”â”â”â”â”â”â”â”â”â”â”â”

ğŸ“‚ mkdir - Make Directory

Creates new directories.

Syntax:

mkdir [options] directory_name

Common Option:

-p  : Create parent directories if they don't exist

Examples:

$ mkdir projects

$ mkdir -p projects/web/frontend

(Creates the entire directory tree)

âœ… Pro Tip: Use -p to avoid errors when creating nested directories!

â”â”â”â”â”â”â”â”â”â”â”â”â”â”â”â”â”â”â”â”â”â”â”â”â”â”â”â”â”â”

ğŸ“‹ cp - Copy Files/Directories

Copies files or directories from source to destination.

Syntax:

cp [options] source destination

Common Options:

-r  : Recursive (required for directories)

-v  : Verbose (show what's being copied)

-i  : Interactive (prompt before overwrite)

Examples:

$ cp file.txt backup.txt

$ cp -r /home/user/docs /backup/docs

$ cp -v *.txt /destination/

â”â”â”â”â”â”â”â”â”â”â”â”â”â”â”â”â”â”â”â”â”â”â”â”â”â”â”â”â”â”

ğŸ“¦ mv - Move/Rename Files

Moves or renames files and directories.

Syntax:

mv [options] source destination

Examples:

$ mv oldname.txt newname.txt

(Renames file)

$ mv file.txt /home/user/documents/

(Moves file to different location)

$ mv *.log /var/log/archive/

(Moves all .log files)

â”â”â”â”â”â”â”â”â”â”â”â”â”â”â”â”â”â”â”â”â”â”â”â”â”â”â”â”â”â”

ğŸ—‘ï¸ rm - Remove Files/Directories

Deletes files and directories permanently.

Syntax:

rm [options] file

Common Options:

-r  : Recursive (for directories)

-f  : Force (no confirmation)

-i  : Interactive (ask before each deletion)

Examples:

$ rm file.txt

$ rm -i important.doc

(Asks for confirmation)

$ rm -rf old_directory/

(Deletes directory and contents)

âš ï¸ WARNING: rm is permanent! Use -i for safety, especially as a beginner.

â”â”â”â”â”â”â”â”â”â”â”â”â”â”â”â”â”â”â”â”â”â”â”â”â”â”â”â”â”â”

ğŸ”— ln - Create Links

Creates symbolic or hard links to files.

Syntax:

ln -s [source] [link_name]

Example:

$ ln -s /var/www/html/app /home/user/myapp

(Creates a shortcut to the app directory)

â•â•â•â•â•â•â•â•â•â•â•â•â•â•â•â•â•â•â•â•â•â•â•â•â•â•â•â•â•â•â•â•â•â•â•

2. FILE VIEWING & TEXT PROCESSING

â•â•â•â•â•â•â•â•â•â•â•â•â•â•â•â•â•â•â•â•â•â•â•â•â•â•â•â•â•â•â•â•â•â•â•

Master these commands to efficiently read, search, and process text files.

ğŸ‘ï¸ cat - Concatenate and Display Files

Displays file contents or combines multiple files.

Syntax:

cat [file]

Examples:

$ cat config.txt

(Displays file contents)

$ cat file1.txt file2.txt > combined.txt

(Combines files into one)

$ cat > newfile.txt

(Creates file and accepts input, press Ctrl+D to save)

â”â”â”â”â”â”â”â”â”â”â”â”â”â”â”â”â”â”â”â”â”â”â”â”â”â”â”â”â”â”

ğŸ“– less - Page Through Files

Views large files one page at a time with scrolling capability.

Syntax:

less [file]

Useful Keys:

Space    : Next page

b        : Previous page

/pattern : Search forward

q        : Quit

Example:

$ less /var/log/syslog

âœ… Beginner Tip: Use 'less' for large log files instead of 'cat'!

â”â”â”â”â”â”â”â”â”â”â”â”â”â”â”â”â”â”â”â”â”â”â”â”â”â”â”â”â”â”

ğŸ”º head - Display First Lines

Shows the first 10 lines (default) of a file.

Syntax:

head [options] [file]

Examples:

$ head file.txt

(Shows first 10 lines)

$ head -n 20 file.txt

(Shows first 20 lines)

â”â”â”â”â”â”â”â”â”â”â”â”â”â”â”â”â”â”â”â”â”â”â”â”â”â”â”â”â”â”

ğŸ”» tail - Display Last Lines

Shows the last 10 lines (default) of a file.

Syntax:

tail [options] [file]

Common Options:

-n  : Number of lines to show

-f  : Follow mode (real-time updates)

Examples:

$ tail -n 20 error.log

$ tail -f /var/log/apache2/access.log

(Monitors log file in real-time)

âœ… Pro Tip: Use 'tail -f' to monitor log files in real-time!

â”â”â”â”â”â”â”â”â”â”â”â”â”â”â”â”â”â”â”â”â”â”â”â”â”â”â”â”â”â”

ğŸ” grep - Search Text Patterns

Searches for patterns in files using regular expressions.

Syntax:

grep [options] "pattern" [file]

Common Options:

-i  : Ignore case

-r  : Recursive search in directories

-n  : Show line numbers

-v  : Invert match (show non-matching lines)

-c  : Count matches

Examples:

$ grep "error" logfile.txt

(Find lines containing "error")

$ grep -i "warning" /var/log/syslog

(Case-insensitive search)

$ grep -rn "TODO" /home/user/projects/

(Recursive search with line numbers)

$ ps aux | grep nginx

(Search in command output)

â”â”â”â”â”â”â”â”â”â”â”â”â”â”â”â”â”â”â”â”â”â”â”â”â”â”â”â”â”â”

ğŸ“Š wc - Word Count

Counts lines, words, and characters in files.

Syntax:

wc [options] [file]

Options:

-l  : Count lines

-w  : Count words

-c  : Count characters

Examples:

$ wc file.txt

  45  200  1500 file.txt

(lines words characters)

$ wc -l *.log

(Count lines in all log files)

â”â”â”â”â”â”â”â”â”â”â”â”â”â”â”â”â”â”â”â”â”â”â”â”â”â”â”â”â”â”

âœï¸ sed - Stream Editor

Performs text transformations on files.

Syntax:

sed 's/old/new/g' [file]

Common Uses:

-i  : Edit file in-place

Examples:

$ sed 's/error/warning/g' log.txt

(Replace 'error' with 'warning')

$ sed -i 's/http/https/g' config.txt

(Replace and save changes)

$ sed '1,5d' file.txt

(Delete lines 1-5)

â”â”â”â”â”â”â”â”â”â”â”â”â”â”â”â”â”â”â”â”â”â”â”â”â”â”â”â”â”â”

ğŸ“‹ awk - Text Processing Language

Powerful text processing for columns and patterns.

Syntax:

awk '{print $column}' [file]

Examples:

$ awk '{print $1}' file.txt

(Print first column)

$ awk '{print $1, $3}' data.txt

(Print columns 1 and 3)

$ df -h | awk '{print $1, $5}'

(Show disk usage: filesystem and percentage)

â•â•â•â•â•â•â•â•â•â•â•â•â•â•â•â•â•â•â•â•â•â•â•â•â•â•â•â•â•â•â•â•â•â•â•

3. USER & PERMISSION MANAGEMENT

â•â•â•â•â•â•â•â•â•â•â•â•â•â•â•â•â•â•â•â•â•â•â•â•â•â•â•â•â•â•â•â•â•â•â•

Control user access and file permissions securely.

ğŸ‘¤ whoami - Display Current User

Shows the currently logged-in username.

Syntax:

whoami

Example:

$ whoami

user

â”â”â”â”â”â”â”â”â”â”â”â”â”â”â”â”â”â”â”â”â”â”â”â”â”â”â”â”â”â”

ğŸ”‘ sudo - Execute as Superuser

Runs commands with administrative privileges.

Syntax:

sudo [command]

Examples:

$ sudo apt update

(Updates package lists)

$ sudo systemctl restart nginx

(Restarts nginx service)

âš ï¸ Use with caution! Always verify commands before using sudo.

â”â”â”â”â”â”â”â”â”â”â”â”â”â”â”â”â”â”â”â”â”â”â”â”â”â”â”â”â”â”

ğŸ” chmod - Change File Permissions

Modifies read, write, and execute permissions.

Syntax:

chmod [permissions] [file]

Numeric Method:

4 = read (r)

2 = write (w)

1 = execute (x)

Symbolic Method:

u = user, g = group, o = others, a = all

+ = add, - = remove, = = set

Examples:

$ chmod 755 script.sh

(rwxr-xr-x: Owner full, others read+execute)

$ chmod u+x script.sh

(Add execute permission for owner)

$ chmod -R 644 /var/www/html/

(Recursive: rw-r--r-- for all files)

Common Permissions:

755 : Executable files, directories

644 : Regular files

600 : Private files

777 : Full access (avoid this!)

â”â”â”â”â”â”â”â”â”â”â”â”â”â”â”â”â”â”â”â”â”â”â”â”â”â”â”â”â”â”

ğŸ‘¥ chown - Change Ownership

Changes file/directory owner and group.

Syntax:

chown [owner]:[group] [file]

Examples:

$ chown user:group file.txt

$ chown -R www-data:www-data /var/www/

(Recursive ownership change)

â”â”â”â”â”â”â”â”â”â”â”â”â”â”â”â”â”â”â”â”â”â”â”â”â”â”â”â”â”â”

ğŸ‘ª useradd / adduser - Create Users

Adds new users to the system.

Syntax:

useradd [options] username

adduser username

Examples:

$ sudo useradd -m john

(Creates user with home directory)

$ sudo adduser john

(Interactive user creation - beginner friendly)

$ sudo passwd john

(Set password for user)

âœ… Beginner Tip: Use 'adduser' for interactive, easier user creation!

â•â•â•â•â•â•â•â•â•â•â•â•â•â•â•â•â•â•â•â•â•â•â•â•â•â•â•â•â•â•â•â•â•â•â•

4. SYSTEM INFORMATION & MONITORING

â•â•â•â•â•â•â•â•â•â•â•â•â•â•â•â•â•â•â•â•â•â•â•â•â•â•â•â•â•â•â•â•â•â•â•

Monitor system resources, processes, and hardware information.

ğŸ’» uname - System Information

Displays system and kernel information.

Syntax:

uname [options]

Options:

-a  : All information

-r  : Kernel release

-m  : Machine architecture

Example:

$ uname -a

Linux hostname 5.15.0-91-generic #101-Ubuntu SMP x86_64 GNU/Linux

â”â”â”â”â”â”â”â”â”â”â”â”â”â”â”â”â”â”â”â”â”â”â”â”â”â”â”â”â”â”

ğŸ’¾ df - Disk Space Usage

Shows filesystem disk space usage.

Syntax:

df [options]

Common Option:

-h  : Human-readable format

Example:

$ df -h

Filesystem      Size  Used Avail Use% Mounted on

/dev/sda1       100G   45G   50G  48% /

/dev/sdb1       500G  200G  275G  42% /home

â”â”â”â”â”â”â”â”â”â”â”â”â”â”â”â”â”â”â”â”â”â”â”â”â”â”â”â”â”â”

ğŸ“ du - Directory Size

Shows directory and file disk usage.

Syntax:

du [options] [directory]

Common Options:

-h  : Human-readable

-s  : Summary (total only)

-a  : All files

Examples:

$ du -sh *

4.5G    Documents

1.2G    Downloads

850M    Pictures

$ du -h --max-depth=1 /var/log/

â”â”â”â”â”â”â”â”â”â”â”â”â”â”â”â”â”â”â”â”â”â”â”â”â”â”â”â”â”â”

ğŸŸ¢ free - Memory Usage

Displays system memory usage.

Syntax:

free [options]

Option:

-h  : Human-readable

Example:

$ free -h

              total        used        free      shared

Mem:           15Gi       8.2Gi       3.1Gi       524Mi

Swap:         2.0Gi       0.0Gi       2.0Gi

â”â”â”â”â”â”â”â”â”â”â”â”â”â”â”â”â”â”â”â”â”â”â”â”â”â”â”â”â”â”

ğŸ”„ top / htop - Process Monitor

Real-time process monitoring.

Syntax:

top

htop

Useful Keys (top):

q     : Quit

k     : Kill process

M     : Sort by memory

P     : Sort by CPU

Example:

$ top

(Shows live CPU, memory, and process information)

$ htop

(Enhanced version with better UI)

âœ… Pro Tip: Install htop for a more user-friendly interface!

â”â”â”â”â”â”â”â”â”â”â”â”â”â”â”â”â”â”â”â”â”â”â”â”â”â”â”â”â”â”

ğŸ“Š ps - Process Status

Displays currently running processes.

Syntax:

ps [options]

Common Usage:

ps aux  : All processes with details

Example:

$ ps aux

USER       PID %CPU %MEM    VSZ   RSS TTY      STAT START   TIME COMMAND

root         1  0.0  0.1 168936 11652 ?        Ss   10:30   0:02 /sbin/init

user      1234  2.5  1.8 3458920 145632 ?      Sl   10:35   5:23 /usr/bin/chrome

$ ps aux | grep nginx

(Find nginx processes)

â”â”â”â”â”â”â”â”â”â”â”â”â”â”â”â”â”â”â”â”â”â”â”â”â”â”â”â”â”â”

âŒ kill - Terminate Processes

Stops running processes by PID or name.

Syntax:

kill [signal] [PID]

pkill [process_name]

Common Signals:

-9  : Force kill (SIGKILL)

-15 : Graceful termination (SIGTERM)

Examples:

$ kill 1234

(Gracefully stops process with PID 1234)

$ kill -9 1234

(Force kills process)

$ pkill chrome

(Kills all Chrome processes)

â•â•â•â•â•â•â•â•â•â•â•â•â•â•â•â•â•â•â•â•â•â•â•â•â•â•â•â•â•â•â•â•â•â•â•

5. NETWORKING COMMANDS

â•â•â•â•â•â•â•â•â•â•â•â•â•â•â•â•â•â•â•â•â•â•â•â•â•â•â•â•â•â•â•â•â•â•â•

Manage network connections, troubleshoot connectivity, and configure interfaces.

ğŸŒ ping - Test Connectivity

Tests network connectivity to a host.

Syntax:

ping [options] [host]

Common Option:

-c  : Count (number of packets)

Example:

$ ping -c 4 google.com

PING google.com (142.250.185.46): 56 data bytes

64 bytes from 142.250.185.46: icmp_seq=0 ttl=117 time=12.3 ms

...

â”â”â”â”â”â”â”â”â”â”â”â”â”â”â”â”â”â”â”â”â”â”â”â”â”â”â”â”â”â”

ğŸ“¶ ip - Network Configuration

Modern tool for network interface configuration.

Syntax:

ip [object] [command]

Common Commands:

ip addr show    : Display IP addresses

ip link show    : Display network interfaces

ip route show   : Display routing table

Examples:

$ ip addr show

(Shows all network interfaces and IPs)

$ ip link set eth0 up

(Enables eth0 interface)

âœ… Pro Tip: 'ip' is the modern replacement for deprecated 'ifconfig'!

â”â”â”â”â”â”â”â”â”â”â”â”â”â”â”â”â”â”â”â”â”â”â”â”â”â”â”â”â”â”

ğŸ”Œ netstat / ss - Network Statistics

Displays network connections and statistics.

Syntax:

netstat [options]

ss [options]

Common Options:

-tuln  : TCP/UDP listening ports (numeric)

-a     : All connections

Examples:

$ netstat -tuln

(Shows all listening ports)

$ ss -tuln

(Faster alternative to netstat)

â”â”â”â”â”â”â”â”â”â”â”â”â”â”â”â”â”â”â”â”â”â”â”â”â”â”â”â”â”â”

ğŸ¯ curl - Transfer Data

Transfers data from or to a server.

Syntax:

curl [options] [URL]

Common Options:

-O  : Save file with original name

-o  : Specify output filename

-I  : Fetch headers only

Examples:

$ curl https://api.github.com

(Fetches API response)

$ curl -O https://example.com/file.zip

(Downloads file)

$ curl -I https://google.com

(Shows HTTP headers)

â”â”â”â”â”â”â”â”â”â”â”â”â”â”â”â”â”â”â”â”â”â”â”â”â”â”â”â”â”â”

ğŸ“¥ wget - Download Files

Downloads files from the internet.

Syntax:

wget [options] [URL]

Common Options:

-c  : Continue partial downloads

-r  : Recursive download

-P  : Specify download directory

Examples:

$ wget https://example.com/file.zip

$ wget -c https://example.com/largefile.iso

(Resume interrupted download)

â•â•â•â•â•â•â•â•â•â•â•â•â•â•â•â•â•â•â•â•â•â•â•â•â•â•â•â•â•â•â•â•â•â•â•

6. PACKAGE MANAGEMENT

â•â•â•â•â•â•â•â•â•â•â•â•â•â•â•â•â•â•â•â•â•â•â•â•â•â•â•â•â•â•â•â•â•â•â•

Install, update, and manage software packages.

ğŸ“¦ apt - Debian/Ubuntu Package Manager

Manages software packages on Debian-based systems.

Syntax:

apt [command] [package]

Common Commands:

apt update        : Update package lists

apt upgrade       : Upgrade all packages

apt install       : Install package

apt remove        : Remove package

apt search        : Search for packages

apt autoremove    : Remove unused dependencies

Examples:

$ sudo apt update

(Refreshes package database)

$ sudo apt install htop

(Installs htop package)

$ sudo apt remove firefox

(Removes Firefox)

$ sudo apt upgrade

(Upgrades all installed packages)

âœ… Best Practice: Always run 'apt update' before installing packages!

â”â”â”â”â”â”â”â”â”â”â”â”â”â”â”â”â”â”â”â”â”â”â”â”â”â”â”â”â”â”

ğŸ’» systemctl - Service Management

Controls system services and daemons.

Syntax:

systemctl [command] [service]

Common Commands:

systemctl start      : Start service

systemctl stop       : Stop service

systemctl restart    : Restart service

systemctl status     : Check service status

systemctl enable     : Enable at boot

systemctl disable    : Disable at boot

Examples:

$ sudo systemctl status nginx

(Checks nginx service status)

$ sudo systemctl restart apache2

(Restarts Apache web server)

$ sudo systemctl enable ssh

(Enables SSH to start at boot)

â”â”â”â”â”â”â”â”â”â”â”â”â”â”â”â”â”â”â”â”â”â”â”â”â”â”â”â”â”â”

â•â•â•â•â•â•â•â•â•â•â•â•â•â•â•â•â•â•â•â•â•â•â•â•â•â•â•â•â•â•â•â•â•â•â•

7. ADVANCED TIPS & BEST PRACTICES

â•â•â•â•â•â•â•â•â•â•â•â•â•â•â•â•â•â•â•â•â•â•â•â•â•â•â•â•â•â•â•â•â•â•â•

ğŸ”— Command Chaining & Piping

Combine multiple commands for powerful workflows:

&& : Execute next command only if previous succeeds

||  : Execute next command only if previous fails

|   : Pipe output to next command

Examples:

$ sudo apt update && sudo apt upgrade -y

(Update then upgrade if successful)

$ grep "error" *.log | sort | uniq -c

(Find errors, sort, and count unique)

$ ps aux | grep nginx | awk '{print $2}' | xargs kill

(Find nginx processes and kill them)

â”â”â”â”â”â”â”â”â”â”â”â”â”â”â”â”â”â”â”â”â”â”â”â”â”â”â”â”â”â”

ğŸ“ Redirection Operators

>   : Redirect output (overwrite)

>>  : Redirect output (append)

<   : Redirect input

2>  : Redirect errors

&>  : Redirect both output and errors

Examples:

$ ls -la > filelist.txt

(Save directory listing to file)

$ echo "New entry" >> log.txt

(Append to file)

$ command 2> errors.log

(Redirect errors to file)

â”â”â”â”â”â”â”â”â”â”â”â”â”â”â”â”â”â”â”â”â”â”â”â”â”â”â”â”â”â”

ğŸ” Useful Keyboard Shortcuts

Ctrl + C  : Cancel current command

Ctrl + D  : Exit terminal/end input

Ctrl + L  : Clear screen

Ctrl + R  : Search command history

Ctrl + A  : Move to line start

Ctrl + E  : Move to line end

Tab       : Auto-complete

â†‘ / â†“     : Navigate command history

â”â”â”â”â”â”â”â”â”â”â”â”â”â”â”â”â”â”â”â”â”â”â”â”â”â”â”â”â”â”

ğŸ¯ Learning Resources

man [command]      : Built-in manual pages

command --help     : Quick help

tldr [command]     : Simplified examples (install separately)

whatis [command]   : Brief command description

â•â•â•â•â•â•â•â•â•â•â•â•â•â•â•â•â•â•â•â•â•â•â•â•â•â•â•â•â•â•â•â•â•â•â•

CONCLUSION

â•â•â•â•â•â•â•â•â•â•â•â•â•â•â•â•â•â•â•â•â•â•â•â•â•â•â•â•â•â•â•â•â•â•â•

Mastering Linux commands is a journey, not a destination. Start with the basics, practice regularly, and gradually incorporate advanced commands into your workflow.

ğŸ’¡ Key Takeaways:

â€¢ Start with basic navigation (pwd, ls, cd)

â€¢ Learn file operations before moving to advanced topics

â€¢ Use man pages and --help for detailed documentation

â€¢ Practice in a safe environment before using on production

â€¢ Create aliases for frequently used commands

â€¢ Always verify commands before using sudo

âœ… Next Steps:

1. Set up a practice Linux environment (VM or WSL)

2. Practice 5-10 commands daily

3. Learn shell scripting to automate tasks

4. Explore text editors (vim, nano)

5. Master grep, sed, and awk for text processing

6. Study Linux filesystem hierarchy

ğŸ“š Additional Tools to Explore:

bat       : Enhanced cat with syntax highlighting

exa       : Modern replacement for ls

fd        : User-friendly alternative to find

ripgrep   : Faster grep alternative

tmux      : Terminal multiplexer

fzf       : Fuzzy finder for files and history

â”â”â”â”â”â”â”â”â”â”â”â”â”â”â”â”â”â”â”â”â”â”â”â”â”â”â”â”â”â”

Remember: The command line is powerful! Always double-check destructive commands (rm, mv, chmod) before executing them.

Happy learning! ğŸš€

Connect with me to discuss Linux, DevOps, and cloud technologies!

#Linux #CommandLine #DevOps #SysAdmin #CloudEngineering #Ubuntu #Terminal #TechEducation #CareerDevelopment
